// Jest Snapshot v1, https://goo.gl/fbAQLP

exports[`test button example 1`] = `"<button class=\\"l-button l-button--default l-button--normal\\"><span class=\\"l-button__content\\">默认按钮</span></button><button class=\\"l-button l-button--primary l-button--normal\\"><span class=\\"l-button__content\\">主要按钮</span></button><button class=\\"l-button l-button--text l-button--normal\\"><span class=\\"l-button__content\\">文字按钮</span></button><button class=\\"l-button l-button--default l-button--normal is-round\\"><span class=\\"l-button__content\\">圆角按钮</span></button>"`;
